// Jest Snapshot v1, https://goo.gl/fbAQLP

exports[`Validate file should fail; invalid namespace 1`] = `
Array [
  "Failed to parse soy template",
]
`;

exports[`Validate file should fail; missing import 1`] = `
Array [
  "It looks like the following component calls are missing an [33mimport[39m:

[31mMyExternalComponent[39m",
]
`;

exports[`Validate file should fail; missing internal 1`] = `
Array [
  "Based on their name, these attributes should have the [33m.internal()[39m config added:

[31mcount_[39m",
]
`;

exports[`Validate file should fail; missing params 1`] = `
Array [
  "The following params should be included in [33mSTATE[39m:

[31moptionalInfo[39m",
]
`;

exports[`Validate file should fail; missing render 1`] = `
Array [
  "Cannot find a [33m.render[39m template, do you have a typo?

[31mrander[39m",
]
`;

exports[`Validate file should fail; missing required 1`] = `
Array [
  "These attributes are [33mrequired[39m in your Soy Template but not in your Component:

[31mtitle[39m",
  "These attributes are [33m.required()[39m in your Component but not in your Template:

[31mdescription[39m",
]
`;
